ERROR ~ Cannot get property 'homo_sapiens' on null object

 -- Check script '/mnt/archive/work/slowney/IDT-NextflowComponents-PoC/subworkflows/idt/.nf-test-2fb9d28a2d10dcd9c20866507e3d3df8.nf' at line: 42 or see '/mnt/archive/work/slowney/IDT-NextflowComponents-PoC/subworkflows/idt/.nf-test/tests/2fb9d28a2d10dcd9c20866507e3d3df8/meta/nextflow.log' file for more details
